// Jest Snapshot v1, https://goo.gl/fbAQLP

exports[`group tesing goes here renders correctly 1`] = `
<View
  style={
    Object {
      "backgroundColor": "#03dac4",
      "flex": 1,
      "paddingBottom": "15%",
    }
  }
>
  <RCTScrollView
    refreshControl={<RefreshControlMock />}
  >
    <RCTRefreshControl />
    <View>
      <View
        style={
          Object {
            "alignItems": "center",
            "backgroundColor": "#03dac4",
            "flexDirection": "row",
            "padding": 15,
          }
        }
      >
        <View
          style={
            Object {
              "flexDirection": "row",
            }
          }
        >
          <Text
            style={
              Array [
                Object {
                  "color": "#000000",
                  "fontFamily": "System",
                  "fontWeight": "400",
                },
                Object {
                  "textAlign": "left",
                },
                Object {
                  "fontSize": undefined,
                  "fontWeight": "bold",
                },
              ]
            }
          />
        </View>
      </View>
      <RCTScrollView
        contentContainerStyle={
          Object {
            "alignSelf": "flex-start",
          }
        }
        disableVirtualization={false}
        getItem={[Function]}
        getItemCount={[Function]}
        horizontal={true}
        initialNumToRender={10}
        keyExtractor={[Function]}
        maxToRenderPerBatch={10}
        onContentSizeChange={[Function]}
        onEndReachedThreshold={2}
        onLayout={[Function]}
        onMomentumScrollEnd={[Function]}
        onScroll={[Function]}
        onScrollBeginDrag={[Function]}
        onScrollEndDrag={[Function]}
        removeClippedSubviews={false}
        renderItem={[Function]}
        scrollEventThrottle={2}
        showsHorizontalScrollIndicator={false}
        showsVerticalScrollIndicator={false}
        stickyHeaderIndices={Array []}
        updateCellsBatchingPeriod={50}
        viewabilityConfigCallbackPairs={Array []}
        windowSize={21}
      >
        <View />
      </RCTScrollView>
      <View
        style={
          Object {
            "alignItems": "center",
            "backgroundColor": "#03dac4",
            "flexDirection": "row",
            "padding": 15,
          }
        }
      >
        <View
          style={
            Object {
              "flexDirection": "row",
            }
          }
        >
          <Text
            style={
              Array [
                Object {
                  "color": "#000000",
                  "fontFamily": "System",
                  "fontWeight": "400",
                },
                Object {
                  "textAlign": "left",
                },
                Object {
                  "fontSize": undefined,
                  "fontWeight": "bold",
                },
              ]
            }
          />
        </View>
      </View>
      <RCTScrollView
        contentContainerStyle={
          Object {
            "alignSelf": "flex-start",
          }
        }
        disableVirtualization={false}
        getItem={[Function]}
        getItemCount={[Function]}
        horizontal={true}
        initialNumToRender={10}
        keyExtractor={[Function]}
        maxToRenderPerBatch={10}
        onContentSizeChange={[Function]}
        onEndReachedThreshold={2}
        onLayout={[Function]}
        onMomentumScrollEnd={[Function]}
        onScroll={[Function]}
        onScrollBeginDrag={[Function]}
        onScrollEndDrag={[Function]}
        removeClippedSubviews={false}
        renderItem={[Function]}
        scrollEventThrottle={50}
        showsHorizontalScrollIndicator={false}
        showsVerticalScrollIndicator={false}
        stickyHeaderIndices={Array []}
        updateCellsBatchingPeriod={50}
        viewabilityConfigCallbackPairs={Array []}
        windowSize={21}
      >
        <View />
      </RCTScrollView>
    </View>
  </RCTScrollView>
</View>
`;
