// Jest Snapshot v1, https://goo.gl/fbAQLP

exports[`group tesing goes here renders correctly 1`] = `
<View
  style={
    Object {
      "backgroundColor": "#03dac4",
      "flex": 1,
    }
  }
>
  <View
    style={
      Object {
        "alignItems": "center",
        "backgroundColor": "#03dac4",
        "borderBottomColor": "lightgray",
        "elevation": 5,
        "flexDirection": "row",
        "height": undefined,
        "shadowColor": "#000",
        "shadowOffset": Object {
          "height": 2,
          "width": 0,
        },
        "shadowOpacity": 0.25,
        "shadowRadius": 3.84,
      }
    }
  >
    <View
      accessible={true}
      focusable={true}
      onClick={[Function]}
      onResponderGrant={[Function]}
      onResponderMove={[Function]}
      onResponderRelease={[Function]}
      onResponderTerminate={[Function]}
      onResponderTerminationRequest={[Function]}
      onStartShouldSetResponder={[Function]}
      style={
        Object {
          "opacity": 1,
          "paddingHorizontal": 10,
        }
      }
    >
      <mockedDefaultExport
        name="keyboard-arrow-left"
        size={30}
        style={
          Object {
            "color": "#6200ee",
          }
        }
      />
    </View>
    <View
      style={
        Object {
          "alignSelf": "center",
          "flex": 1,
          "justifyContent": "center",
          "marginRight": 25,
        }
      }
    >
      <View
        style={
          Object {
            "flexDirection": "row",
            "justifyContent": "center",
            "marginRight": 5,
          }
        }
      >
        <Text
          style={
            Array [
              Object {
                "color": "#000000",
                "fontFamily": "System",
                "fontWeight": "400",
              },
              Object {
                "textAlign": "left",
              },
              Object {
                "fontSize": undefined,
                "fontWeight": "bold",
              },
            ]
          }
        />
      </View>
    </View>
  </View>
  <View
    style={
      Object {
        "backgroundColor": "#03dac4",
        "flex": 1,
      }
    }
  >
    <View
      style={
        Object {
          "alignItems": "center",
          "backgroundColor": "#03dac4",
          "flexDirection": "row",
          "padding": 15,
        }
      }
    >
      <View
        style={
          Object {
            "flexDirection": "row",
          }
        }
      >
        <Text
          style={
            Array [
              Object {
                "color": "#000000",
                "fontFamily": "System",
                "fontWeight": "400",
              },
              Object {
                "textAlign": "left",
              },
              Object {
                "fontSize": undefined,
                "fontWeight": "bold",
              },
            ]
          }
        />
      </View>
    </View>
    <View
      style={
        Object {
          "backgroundColor": "#03dac4",
          "flex": 1,
        }
      }
    >
      <Text
        style={
          Array [
            Object {
              "color": "#000000",
              "fontFamily": "System",
              "fontWeight": "400",
            },
            Object {
              "textAlign": "left",
            },
            Object {
              "color": "darkgray",
              "fontSize": undefined,
              "justifyContent": "center",
              "textAlign": "center",
            },
          ]
        }
      />
    </View>
  </View>
</View>
`;
